// Jest Snapshot v1, https://goo.gl/fbAQLP

exports[`should render NotFoundPage correctly 1`] = `
<div>
  Not found 404!
  <Link
    replace={false}
    to="/"
  >
    home
  </Link>
</div>
`;
